// Jest Snapshot v1, https://goo.gl/fbAQLP

exports[`HourlyGraph Component should match snapshot 1`] = `
<div
  className="HourlyGraph"
>
  <ResponsiveContainer
    debounce={0}
    height={200}
    width="100%"
  >
    <AreaChart
      barCategoryGap="10%"
      barGap={4}
      data={
        Array [
          Object {
            "hour": "9pm",
            "temp": "36",
          },
          Object {
            "hour": "10pm",
            "temp": "36",
          },
          Object {
            "hour": "11pm",
            "temp": "36",
          },
        ]
      }
      layout="horizontal"
      margin={
        Object {
          "bottom": 5,
          "left": 20,
          "right": 30,
          "top": 15,
        }
      }
      reverseStackOrder={false}
      stackOffset="none"
    >
      <defs>
        <linearGradient
          id="colorPv"
          x1="0"
          x2="0"
          y1="0"
          y2="1"
        >
          <stop
            offset="5%"
            stopColor="#8884d8"
            stopOpacity={0.8}
          />
          <stop
            offset="95%"
            stopColor="#8884d8"
            stopOpacity={0}
          />
        </linearGradient>
      </defs>
      <XAxis
        allowDataOverflow={false}
        allowDecimals={true}
        allowDuplicatedCategory={true}
        dataKey="hour"
        domain={
          Array [
            0,
            "auto",
          ]
        }
        height={30}
        hide={false}
        mirror={false}
        orientation="bottom"
        padding={
          Object {
            "left": 0,
            "right": 0,
          }
        }
        reversed={false}
        scale="auto"
        tickCount={5}
        type="category"
        width={0}
        xAxisId={0}
      />
      <Area
        activeDot={true}
        animationBegin={0}
        animationDuration={1500}
        animationEasing="ease"
        connectNulls={false}
        dataKey="temp"
        dot={false}
        fill="url(#colorPv)"
        fillOpacity={1}
        hide={false}
        isAnimationActive={true}
        legendType="line"
        points={Array []}
        stroke="#8884d8"
        type="monotone"
        xAxisId={0}
        yAxisId={0}
      >
        <LabelList
          dataKey="temp"
          position="top"
          valueAccessor={[Function]}
        />
      </Area>
      <CartesianGrid
        fill="none"
        horizontal={true}
        horizontalFill={Array []}
        horizontalPoints={Array []}
        stroke="#ccc"
        vertical={true}
        verticalFill={Array []}
        verticalPoints={Array []}
      />
    </AreaChart>
  </ResponsiveContainer>
</div>
`;

exports[`HourlyGraph Component should render empty 1`] = `<Fragment />`;
