// Jest Snapshot v1, https://goo.gl/fbAQLP

exports[`SearchForm component should match snapshot 1`] = `
<header
  className="SearchForm"
>
  <Connect(ReduxForm) />
  <p
    className="SearchForm__Date"
  >
    December 31st 2019, 7:00 pm
  </p>
</header>
`;
